/home/wrj/leap_ros_mcu_driver-main/managed_components/micro_ros_espidf_component/micro_ros_src/install/lib/python3.10/site-packages/tracetools_trace/__init__.py
/home/wrj/leap_ros_mcu_driver-main/managed_components/micro_ros_espidf_component/micro_ros_src/install/lib/python3.10/site-packages/tracetools_trace/trace.py
/home/wrj/leap_ros_mcu_driver-main/managed_components/micro_ros_espidf_component/micro_ros_src/install/lib/python3.10/site-packages/tracetools_trace/tools/lttng_stub.py
/home/wrj/leap_ros_mcu_driver-main/managed_components/micro_ros_espidf_component/micro_ros_src/install/lib/python3.10/site-packages/tracetools_trace/tools/path.py
/home/wrj/leap_ros_mcu_driver-main/managed_components/micro_ros_espidf_component/micro_ros_src/install/lib/python3.10/site-packages/tracetools_trace/tools/signals.py
/home/wrj/leap_ros_mcu_driver-main/managed_components/micro_ros_espidf_component/micro_ros_src/install/lib/python3.10/site-packages/tracetools_trace/tools/args.py
/home/wrj/leap_ros_mcu_driver-main/managed_components/micro_ros_espidf_component/micro_ros_src/install/lib/python3.10/site-packages/tracetools_trace/tools/tracepoints.py
/home/wrj/leap_ros_mcu_driver-main/managed_components/micro_ros_espidf_component/micro_ros_src/install/lib/python3.10/site-packages/tracetools_trace/tools/lttng_impl.py
/home/wrj/leap_ros_mcu_driver-main/managed_components/micro_ros_espidf_component/micro_ros_src/install/lib/python3.10/site-packages/tracetools_trace/tools/lttng.py
/home/wrj/leap_ros_mcu_driver-main/managed_components/micro_ros_espidf_component/micro_ros_src/install/lib/python3.10/site-packages/tracetools_trace/tools/__init__.py
/home/wrj/leap_ros_mcu_driver-main/managed_components/micro_ros_espidf_component/micro_ros_src/install/lib/python3.10/site-packages/tracetools_trace/tools/names.py
/home/wrj/leap_ros_mcu_driver-main/managed_components/micro_ros_espidf_component/micro_ros_src/install/lib/python3.10/site-packages/tracetools_trace/__pycache__/__init__.cpython-310.pyc
/home/wrj/leap_ros_mcu_driver-main/managed_components/micro_ros_espidf_component/micro_ros_src/install/lib/python3.10/site-packages/tracetools_trace/__pycache__/trace.cpython-310.pyc
/home/wrj/leap_ros_mcu_driver-main/managed_components/micro_ros_espidf_component/micro_ros_src/install/lib/python3.10/site-packages/tracetools_trace/tools/__pycache__/lttng_stub.cpython-310.pyc
/home/wrj/leap_ros_mcu_driver-main/managed_components/micro_ros_espidf_component/micro_ros_src/install/lib/python3.10/site-packages/tracetools_trace/tools/__pycache__/path.cpython-310.pyc
/home/wrj/leap_ros_mcu_driver-main/managed_components/micro_ros_espidf_component/micro_ros_src/install/lib/python3.10/site-packages/tracetools_trace/tools/__pycache__/signals.cpython-310.pyc
/home/wrj/leap_ros_mcu_driver-main/managed_components/micro_ros_espidf_component/micro_ros_src/install/lib/python3.10/site-packages/tracetools_trace/tools/__pycache__/args.cpython-310.pyc
/home/wrj/leap_ros_mcu_driver-main/managed_components/micro_ros_espidf_component/micro_ros_src/install/lib/python3.10/site-packages/tracetools_trace/tools/__pycache__/tracepoints.cpython-310.pyc
/home/wrj/leap_ros_mcu_driver-main/managed_components/micro_ros_espidf_component/micro_ros_src/install/lib/python3.10/site-packages/tracetools_trace/tools/__pycache__/lttng_impl.cpython-310.pyc
/home/wrj/leap_ros_mcu_driver-main/managed_components/micro_ros_espidf_component/micro_ros_src/install/lib/python3.10/site-packages/tracetools_trace/tools/__pycache__/lttng.cpython-310.pyc
/home/wrj/leap_ros_mcu_driver-main/managed_components/micro_ros_espidf_component/micro_ros_src/install/lib/python3.10/site-packages/tracetools_trace/tools/__pycache__/__init__.cpython-310.pyc
/home/wrj/leap_ros_mcu_driver-main/managed_components/micro_ros_espidf_component/micro_ros_src/install/lib/python3.10/site-packages/tracetools_trace/tools/__pycache__/names.cpython-310.pyc
/home/wrj/leap_ros_mcu_driver-main/managed_components/micro_ros_espidf_component/micro_ros_src/install/share/tracetools_trace/package.xml
/home/wrj/leap_ros_mcu_driver-main/managed_components/micro_ros_espidf_component/micro_ros_src/install/share/ament_index/resource_index/packages/tracetools_trace
/home/wrj/leap_ros_mcu_driver-main/managed_components/micro_ros_espidf_component/micro_ros_src/install/lib/python3.10/site-packages/tracetools_trace-4.1.1-py3.10.egg-info/PKG-INFO
/home/wrj/leap_ros_mcu_driver-main/managed_components/micro_ros_espidf_component/micro_ros_src/install/lib/python3.10/site-packages/tracetools_trace-4.1.1-py3.10.egg-info/requires.txt
/home/wrj/leap_ros_mcu_driver-main/managed_components/micro_ros_espidf_component/micro_ros_src/install/lib/python3.10/site-packages/tracetools_trace-4.1.1-py3.10.egg-info/SOURCES.txt
/home/wrj/leap_ros_mcu_driver-main/managed_components/micro_ros_espidf_component/micro_ros_src/install/lib/python3.10/site-packages/tracetools_trace-4.1.1-py3.10.egg-info/entry_points.txt
/home/wrj/leap_ros_mcu_driver-main/managed_components/micro_ros_espidf_component/micro_ros_src/install/lib/python3.10/site-packages/tracetools_trace-4.1.1-py3.10.egg-info/top_level.txt
/home/wrj/leap_ros_mcu_driver-main/managed_components/micro_ros_espidf_component/micro_ros_src/install/lib/python3.10/site-packages/tracetools_trace-4.1.1-py3.10.egg-info/dependency_links.txt
/home/wrj/leap_ros_mcu_driver-main/managed_components/micro_ros_espidf_component/micro_ros_src/install/lib/tracetools_trace/trace
